###############################################################################
#
# IAR ELF Linker V9.40.2.374/W64 for ARM                  16/Oct/2023  21:49:52
# Copyright 2007-2023 IAR Systems AB.
#
#    Output file  =  D:\team2_week7\Debug\Exe\week7.out
#    Map file     =  D:\team2_week7\Debug\List\week7.map
#    Command line =
#        -f D:\team2_week7\Debug\Exe\week7.out.rsp
#        (D:\team2_week7\Debug\Obj\CoreSupport_9349358829246811252.dir\core_cm3.o
#        D:\team2_week7\Debug\Obj\user_8514941877209965082.dir\main.o
#        D:\team2_week7\Debug\Obj\src_4812332579905087935.dir\misc.o
#        D:\team2_week7\Debug\Obj\Startup_6080468835341133425.dir\startup_stm32f10x_cl.o
#        D:\team2_week7\Debug\Obj\src_4812332579905087935.dir\stm32f10x_adc.o
#        D:\team2_week7\Debug\Obj\src_4812332579905087935.dir\stm32f10x_bkp.o
#        D:\team2_week7\Debug\Obj\src_4812332579905087935.dir\stm32f10x_can.o
#        D:\team2_week7\Debug\Obj\src_4812332579905087935.dir\stm32f10x_cec.o
#        D:\team2_week7\Debug\Obj\src_4812332579905087935.dir\stm32f10x_crc.o
#        D:\team2_week7\Debug\Obj\src_4812332579905087935.dir\stm32f10x_dac.o
#        D:\team2_week7\Debug\Obj\src_4812332579905087935.dir\stm32f10x_dbgmcu.o
#        D:\team2_week7\Debug\Obj\src_4812332579905087935.dir\stm32f10x_dma.o
#        D:\team2_week7\Debug\Obj\src_4812332579905087935.dir\stm32f10x_exti.o
#        D:\team2_week7\Debug\Obj\src_4812332579905087935.dir\stm32f10x_flash.o
#        D:\team2_week7\Debug\Obj\src_4812332579905087935.dir\stm32f10x_fsmc.o
#        D:\team2_week7\Debug\Obj\src_4812332579905087935.dir\stm32f10x_gpio.o
#        D:\team2_week7\Debug\Obj\src_4812332579905087935.dir\stm32f10x_i2c.o
#        D:\team2_week7\Debug\Obj\user_8514941877209965082.dir\stm32f10x_it.o
#        D:\team2_week7\Debug\Obj\src_4812332579905087935.dir\stm32f10x_iwdg.o
#        D:\team2_week7\Debug\Obj\src_4812332579905087935.dir\stm32f10x_pwr.o
#        D:\team2_week7\Debug\Obj\src_4812332579905087935.dir\stm32f10x_rcc.o
#        D:\team2_week7\Debug\Obj\src_4812332579905087935.dir\stm32f10x_rtc.o
#        D:\team2_week7\Debug\Obj\src_4812332579905087935.dir\stm32f10x_sdio.o
#        D:\team2_week7\Debug\Obj\src_4812332579905087935.dir\stm32f10x_spi.o
#        D:\team2_week7\Debug\Obj\src_4812332579905087935.dir\stm32f10x_tim.o
#        D:\team2_week7\Debug\Obj\src_4812332579905087935.dir\stm32f10x_usart.o
#        D:\team2_week7\Debug\Obj\src_4812332579905087935.dir\stm32f10x_wwdg.o
#        D:\team2_week7\Debug\Obj\DeviceSupport_18371333392292866295.dir\system_stm32f10x.o
#        --no_out_extension -o D:\team2_week7\Debug\Exe\week7.out --map
#        D:\team2_week7\Debug\List\week7.map --log
#        libraries,initialization,modules,redirects,sections,veneers,unused_fragments,call_graph
#        --log_file D:\team2_week7\Debug\List\week7.log --config "C:\Program
#        Files\IAR Systems\Embedded Workbench
#        9.2\arm/config/linker/ST/stm32f107xC.icf" --semihosting --entry
#        __iar_program_start --vfe --text_out locale --cpu=Cortex-M3
#        --fpu=None) --dependencies=n
#        D:\team2_week7\Debug\Exe\week7.out.iar_deps
#
###############################################################################

*******************************************************************************
*** RUNTIME MODEL ATTRIBUTES
***

CppFlavor       = *
__CPP_Runtime   = 1
__SystemLibrary = DLib
__dlib_version  = 6


*******************************************************************************
*** HEAP SELECTION
***

The basic heap was selected because --advanced_heap
was not specified and the application did not appear to
be primarily optimized for speed.


*******************************************************************************
*** PLACEMENT SUMMARY
***

"A0":  place at address 0x800'0000 { ro section .intvec };
"P1":  place in [from 0x800'0000 to 0x803'ffff] { ro };
define block CSTACK with size = 4K, alignment = 8 { };
define block HEAP with size = 4K, alignment = 8 { };
"P2":  place in [from 0x2000'0000 to 0x2000'ffff] {
          rw, block CSTACK, block HEAP };
initialize by copy { rw };

  Section            Kind         Address    Size  Object
  -------            ----         -------    ----  ------
"A0":                                       0x150
  .intvec            ro code   0x800'0000   0x150  startup_stm32f10x_cl.o [3]
                             - 0x800'0150   0x150

"P1":                                       0xda8
  .text              ro code   0x800'0150   0x4f8  main.o [5]
  .text              ro code   0x800'0648   0x12c  stm32f10x_rcc.o [4]
  .text              ro code   0x800'0774   0x130  stm32f10x_gpio.o [4]
  .text              ro code   0x800'08a4    0xb4  stm32f10x_exti.o [4]
  .text              ro code   0x800'0958   0x1a6  stm32f10x_usart.o [4]
  .text              ro code   0x800'0afe    0x2a  copy_init3.o [7]
  .text              ro code   0x800'0b28    0x7c  misc.o [4]
  .text              ro code   0x800'0ba4   0x150  system_stm32f10x.o [2]
  .text              ro code   0x800'0cf4    0x28  data_init.o [7]
  .iar.init_table    const     0x800'0d1c    0x14  - Linker created -
  .text              ro code   0x800'0d30    0x1e  cmain.o [7]
  .text              ro code   0x800'0d4e     0x4  low_level_init.o [6]
  .text              ro code   0x800'0d52     0x4  exit.o [6]
  .text              ro code   0x800'0d58     0xa  cexit.o [7]
  .text              ro code   0x800'0d64    0x14  exit.o [8]
  .text              ro code   0x800'0d78    0x1c  cstartup_M.o [7]
  Initializer bytes  const     0x800'0d94    0x1c  <for P2-1>
  .text              ro code   0x800'0db0    0x12  stm32f10x_it.o [5]
  .text              ro code   0x800'0dc4    0x10  startup_stm32f10x_cl.o [3]
  .rodata            const     0x800'0dd4     0xc  main.o [5]
  .text              ro code   0x800'0de0     0x4  startup_stm32f10x_cl.o [3]
  .text              ro code   0x800'0de4     0x4  startup_stm32f10x_cl.o [3]
  .text              ro code   0x800'0de8     0x4  startup_stm32f10x_cl.o [3]
  .text              ro code   0x800'0dec     0x4  startup_stm32f10x_cl.o [3]
  .text              ro code   0x800'0df0     0x4  startup_stm32f10x_cl.o [3]
  .text              ro code   0x800'0df4     0x4  startup_stm32f10x_cl.o [3]
  .text              ro code   0x800'0df8     0x4  startup_stm32f10x_cl.o [3]
  .text              ro code   0x800'0dfc     0x4  startup_stm32f10x_cl.o [3]
  .text              ro code   0x800'0e00     0x4  startup_stm32f10x_cl.o [3]
  .text              ro code   0x800'0e04     0x4  startup_stm32f10x_cl.o [3]
  .text              ro code   0x800'0e08     0x4  startup_stm32f10x_cl.o [3]
  .text              ro code   0x800'0e0c     0x4  startup_stm32f10x_cl.o [3]
  .text              ro code   0x800'0e10     0x4  startup_stm32f10x_cl.o [3]
  .text              ro code   0x800'0e14     0x4  startup_stm32f10x_cl.o [3]
  .text              ro code   0x800'0e18     0x4  startup_stm32f10x_cl.o [3]
  .text              ro code   0x800'0e1c     0x4  startup_stm32f10x_cl.o [3]
  .text              ro code   0x800'0e20     0x4  startup_stm32f10x_cl.o [3]
  .text              ro code   0x800'0e24     0x4  startup_stm32f10x_cl.o [3]
  .text              ro code   0x800'0e28     0x4  startup_stm32f10x_cl.o [3]
  .text              ro code   0x800'0e2c     0x4  startup_stm32f10x_cl.o [3]
  .text              ro code   0x800'0e30     0x4  startup_stm32f10x_cl.o [3]
  .text              ro code   0x800'0e34     0x4  startup_stm32f10x_cl.o [3]
  .text              ro code   0x800'0e38     0x4  startup_stm32f10x_cl.o [3]
  .text              ro code   0x800'0e3c     0x4  startup_stm32f10x_cl.o [3]
  .text              ro code   0x800'0e40     0x4  startup_stm32f10x_cl.o [3]
  .text              ro code   0x800'0e44     0x4  startup_stm32f10x_cl.o [3]
  .text              ro code   0x800'0e48     0x4  startup_stm32f10x_cl.o [3]
  .text              ro code   0x800'0e4c     0x4  startup_stm32f10x_cl.o [3]
  .text              ro code   0x800'0e50     0x4  startup_stm32f10x_cl.o [3]
  .text              ro code   0x800'0e54     0x4  startup_stm32f10x_cl.o [3]
  .text              ro code   0x800'0e58     0x4  startup_stm32f10x_cl.o [3]
  .text              ro code   0x800'0e5c     0x4  startup_stm32f10x_cl.o [3]
  .text              ro code   0x800'0e60     0x4  startup_stm32f10x_cl.o [3]
  .text              ro code   0x800'0e64     0x4  startup_stm32f10x_cl.o [3]
  .text              ro code   0x800'0e68     0x4  startup_stm32f10x_cl.o [3]
  .text              ro code   0x800'0e6c     0x4  startup_stm32f10x_cl.o [3]
  .text              ro code   0x800'0e70     0x4  startup_stm32f10x_cl.o [3]
  .text              ro code   0x800'0e74     0x4  startup_stm32f10x_cl.o [3]
  .text              ro code   0x800'0e78     0x4  startup_stm32f10x_cl.o [3]
  .text              ro code   0x800'0e7c     0x4  startup_stm32f10x_cl.o [3]
  .text              ro code   0x800'0e80     0x4  startup_stm32f10x_cl.o [3]
  .text              ro code   0x800'0e84     0x4  startup_stm32f10x_cl.o [3]
  .text              ro code   0x800'0e88     0x4  startup_stm32f10x_cl.o [3]
  .text              ro code   0x800'0e8c     0x4  startup_stm32f10x_cl.o [3]
  .text              ro code   0x800'0e90     0x4  startup_stm32f10x_cl.o [3]
  .text              ro code   0x800'0e94     0x4  startup_stm32f10x_cl.o [3]
  .text              ro code   0x800'0e98     0x4  startup_stm32f10x_cl.o [3]
  .text              ro code   0x800'0e9c     0x4  startup_stm32f10x_cl.o [3]
  .text              ro code   0x800'0ea0     0x4  startup_stm32f10x_cl.o [3]
  .text              ro code   0x800'0ea4     0x4  startup_stm32f10x_cl.o [3]
  .text              ro code   0x800'0ea8     0x4  startup_stm32f10x_cl.o [3]
  .text              ro code   0x800'0eac     0x4  startup_stm32f10x_cl.o [3]
  .text              ro code   0x800'0eb0     0x4  startup_stm32f10x_cl.o [3]
  .text              ro code   0x800'0eb4     0x4  startup_stm32f10x_cl.o [3]
  .text              ro code   0x800'0eb8     0x4  startup_stm32f10x_cl.o [3]
  .text              ro code   0x800'0ebc     0x4  startup_stm32f10x_cl.o [3]
  .text              ro code   0x800'0ec0     0x4  startup_stm32f10x_cl.o [3]
  .text              ro code   0x800'0ec4     0x4  startup_stm32f10x_cl.o [3]
  .text              ro code   0x800'0ec8     0x4  startup_stm32f10x_cl.o [3]
  .text              ro code   0x800'0ecc     0x4  startup_stm32f10x_cl.o [3]
  .text              ro code   0x800'0ed0     0x4  startup_stm32f10x_cl.o [3]
  .text              ro code   0x800'0ed4     0x4  startup_stm32f10x_cl.o [3]
  .text              ro code   0x800'0ed8     0x4  startup_stm32f10x_cl.o [3]
  .text              ro code   0x800'0edc     0x4  startup_stm32f10x_cl.o [3]
  .text              ro code   0x800'0ee0     0x4  startup_stm32f10x_cl.o [3]
  .text              ro code   0x800'0ee4     0x4  startup_stm32f10x_cl.o [3]
  .text              ro code   0x800'0ee8     0x4  startup_stm32f10x_cl.o [3]
  .text              ro code   0x800'0eec     0x4  startup_stm32f10x_cl.o [3]
  .text              ro code   0x800'0ef0     0x4  startup_stm32f10x_cl.o [3]
  .text              ro code   0x800'0ef4     0x4  startup_stm32f10x_cl.o [3]
  .rodata            const     0x800'0ef8     0x0  copy_init3.o [7]
                             - 0x800'0ef8   0xda8

"P2", part 1 of 2:                           0x1c
  P2-1                        0x2000'0000    0x19  <Init block>
    .data            inited   0x2000'0000    0x10  stm32f10x_rcc.o [4]
    .data            inited   0x2000'0010     0x4  stm32f10x_rcc.o [4]
    .bss             inited   0x2000'0014     0x4  main.o [5]
    .data            inited   0x2000'0018     0x1  main.o [5]
                            - 0x2000'0019    0x19

"P2", part 2 of 2:                         0x1000
  CSTACK                      0x2000'0020  0x1000  <Block>
    CSTACK           uninit   0x2000'0020  0x1000  <Block tail>
                            - 0x2000'1020  0x1000

Unused ranges:

         From           To      Size
         ----           --      ----
   0x800'0ef8   0x803'ffff  0x3'f108
  0x2000'001c  0x2000'001f       0x4
  0x2000'1020  0x2000'ffff    0xefe0


*******************************************************************************
*** INIT TABLE
***

          Address      Size
          -------      ----
Copy (__iar_copy_init3)
    1 source range, total size 0x1c (112% of destination):
           0x800'0d94  0x1c
    1 destination range, total size 0x19:
          0x2000'0000  0x19



*******************************************************************************
*** MODULE SUMMARY
***

    Module                  ro code  ro data  rw data
    ------                  -------  -------  -------
command line/config:
    -------------------------------------------------
    Total:

D:\team2_week7\Debug\Obj\CoreSupport_9349358829246811252.dir: [1]
    -------------------------------------------------
    Total:

D:\team2_week7\Debug\Obj\DeviceSupport_18371333392292866295.dir: [2]
    system_stm32f10x.o          336
    -------------------------------------------------
    Total:                      336

D:\team2_week7\Debug\Obj\Startup_6080468835341133425.dir: [3]
    startup_stm32f10x_cl.o      632
    -------------------------------------------------
    Total:                      632

D:\team2_week7\Debug\Obj\src_4812332579905087935.dir: [4]
    misc.o                      124
    stm32f10x_exti.o            180
    stm32f10x_gpio.o            304
    stm32f10x_rcc.o             300       20       20
    stm32f10x_usart.o           422
    -------------------------------------------------
    Total:                    1'330       20       20

D:\team2_week7\Debug\Obj\user_8514941877209965082.dir: [5]
    main.o                    1'272       17        5
    stm32f10x_it.o               18
    -------------------------------------------------
    Total:                    1'290       17        5

dl7M_tln.a: [6]
    exit.o                        4
    low_level_init.o              4
    -------------------------------------------------
    Total:                        8

rt7M_tl.a: [7]
    cexit.o                      10
    cmain.o                      30
    copy_init3.o                 42
    cstartup_M.o                 28
    data_init.o                  40
    -------------------------------------------------
    Total:                      150

shb_l.a: [8]
    exit.o                       20
    -------------------------------------------------
    Total:                       20

    Gaps                          6
    Linker created                        23    4'096
-----------------------------------------------------
    Grand Total:              3'772       60    4'121


*******************************************************************************
*** ENTRY LIST
***

Entry                       Address  Size  Type      Object
-----                       -------  ----  ----      ------
.iar.init_table$$Base    0x800'0d1c         --   Gb  - Linker created -
.iar.init_table$$Limit   0x800'0d30         --   Gb  - Linker created -
?main                    0x800'0d31        Code  Gb  cmain.o [7]
ADC1_2_IRQHandler        0x800'0e4d        Code  Wk  startup_stm32f10x_cl.o [3]
ADCPrescTable           0x2000'0010   0x4  Data  Lc  stm32f10x_rcc.o [4]
APBAHBPrescTable        0x2000'0000  0x10  Data  Lc  stm32f10x_rcc.o [4]
BusFault_Handler         0x800'0db7   0x2  Code  Gb  stm32f10x_it.o [5]
CAN1_RX0_IRQHandler      0x800'0e55        Code  Wk  startup_stm32f10x_cl.o [3]
CAN1_RX1_IRQHandler      0x800'0e59        Code  Wk  startup_stm32f10x_cl.o [3]
CAN1_SCE_IRQHandler      0x800'0e5d        Code  Wk  startup_stm32f10x_cl.o [3]
CAN1_TX_IRQHandler       0x800'0e51        Code  Wk  startup_stm32f10x_cl.o [3]
CAN2_RX0_IRQHandler      0x800'0ee9        Code  Wk  startup_stm32f10x_cl.o [3]
CAN2_RX1_IRQHandler      0x800'0eed        Code  Wk  startup_stm32f10x_cl.o [3]
CAN2_SCE_IRQHandler      0x800'0ef1        Code  Wk  startup_stm32f10x_cl.o [3]
CAN2_TX_IRQHandler       0x800'0ee5        Code  Wk  startup_stm32f10x_cl.o [3]
CSTACK$$Base            0x2000'0020         --   Gb  - Linker created -
CSTACK$$Limit           0x2000'1020         --   Gb  - Linker created -
DMA1_Channel1_IRQHandler
                         0x800'0e31        Code  Wk  startup_stm32f10x_cl.o [3]
DMA1_Channel2_IRQHandler
                         0x800'0e35        Code  Wk  startup_stm32f10x_cl.o [3]
DMA1_Channel3_IRQHandler
                         0x800'0e39        Code  Wk  startup_stm32f10x_cl.o [3]
DMA1_Channel4_IRQHandler
                         0x800'0e3d        Code  Wk  startup_stm32f10x_cl.o [3]
DMA1_Channel5_IRQHandler
                         0x800'0e41        Code  Wk  startup_stm32f10x_cl.o [3]
DMA1_Channel6_IRQHandler
                         0x800'0e45        Code  Wk  startup_stm32f10x_cl.o [3]
DMA1_Channel7_IRQHandler
                         0x800'0e49        Code  Wk  startup_stm32f10x_cl.o [3]
DMA2_Channel1_IRQHandler
                         0x800'0ec9        Code  Wk  startup_stm32f10x_cl.o [3]
DMA2_Channel2_IRQHandler
                         0x800'0ecd        Code  Wk  startup_stm32f10x_cl.o [3]
DMA2_Channel3_IRQHandler
                         0x800'0ed1        Code  Wk  startup_stm32f10x_cl.o [3]
DMA2_Channel4_IRQHandler
                         0x800'0ed5        Code  Wk  startup_stm32f10x_cl.o [3]
DMA2_Channel5_IRQHandler
                         0x800'0ed9        Code  Wk  startup_stm32f10x_cl.o [3]
DebugMon_Handler         0x800'0dbd   0x2  Code  Gb  stm32f10x_it.o [5]
Delay                    0x800'0447   0xe  Code  Gb  main.o [5]
ETH_IRQHandler           0x800'0edd        Code  Wk  startup_stm32f10x_cl.o [3]
ETH_WKUP_IRQHandler      0x800'0ee1        Code  Wk  startup_stm32f10x_cl.o [3]
EXTI0_IRQHandler         0x800'0e1d        Code  Wk  startup_stm32f10x_cl.o [3]
EXTI15_10_IRQHandler     0x800'03b1  0x70  Code  Gb  main.o [5]
EXTI1_IRQHandler         0x800'0e21        Code  Wk  startup_stm32f10x_cl.o [3]
EXTI2_IRQHandler         0x800'0e25        Code  Wk  startup_stm32f10x_cl.o [3]
EXTI3_IRQHandler         0x800'0e29        Code  Wk  startup_stm32f10x_cl.o [3]
EXTI4_IRQHandler         0x800'0421  0x26  Code  Gb  main.o [5]
EXTI9_5_IRQHandler       0x800'0e61        Code  Wk  startup_stm32f10x_cl.o [3]
EXTI_ClearITPendingBit   0x800'093d   0x6  Code  Gb  stm32f10x_exti.o [4]
EXTI_Configure           0x800'022d  0x74  Code  Gb  main.o [5]
EXTI_GetITStatus         0x800'091d  0x20  Code  Gb  stm32f10x_exti.o [4]
EXTI_Init                0x800'08a5  0x78  Code  Gb  stm32f10x_exti.o [4]
FLASH_IRQHandler         0x800'0e15        Code  Wk  startup_stm32f10x_cl.o [3]
GPIO_Configure           0x800'01a5  0x88  Code  Gb  main.o [5]
GPIO_EXTILineConfig      0x800'0857  0x4a  Code  Gb  stm32f10x_gpio.o [4]
GPIO_Init                0x800'0775  0xc2  Code  Gb  stm32f10x_gpio.o [4]
GPIO_ReadInputDataBit    0x800'0837  0x14  Code  Gb  stm32f10x_gpio.o [4]
GPIO_ResetBits           0x800'0851   0x6  Code  Gb  stm32f10x_gpio.o [4]
GPIO_SetBits             0x800'084b   0x6  Code  Gb  stm32f10x_gpio.o [4]
HardFault_Handler        0x800'0db3   0x2  Code  Gb  stm32f10x_it.o [5]
I2C1_ER_IRQHandler       0x800'0e85        Code  Wk  startup_stm32f10x_cl.o [3]
I2C1_EV_IRQHandler       0x800'0e81        Code  Wk  startup_stm32f10x_cl.o [3]
I2C2_ER_IRQHandler       0x800'0e8d        Code  Wk  startup_stm32f10x_cl.o [3]
I2C2_EV_IRQHandler       0x800'0e89        Code  Wk  startup_stm32f10x_cl.o [3]
MemManage_Handler        0x800'0db5   0x2  Code  Gb  stm32f10x_it.o [5]
NMI_Handler              0x800'0db1   0x2  Code  Gb  stm32f10x_it.o [5]
NVIC_Configure           0x800'02e9  0x78  Code  Gb  main.o [5]
NVIC_Init                0x800'0b33  0x5e  Code  Gb  misc.o [4]
NVIC_PriorityGroupConfig
                         0x800'0b29   0xa  Code  Gb  misc.o [4]
OTG_FS_IRQHandler        0x800'0ef5        Code  Wk  startup_stm32f10x_cl.o [3]
OTG_FS_WKUP_IRQHandler   0x800'0ead        Code  Wk  startup_stm32f10x_cl.o [3]
PVD_IRQHandler           0x800'0e09        Code  Wk  startup_stm32f10x_cl.o [3]
PendSV_Handler           0x800'0dbf   0x2  Code  Gb  stm32f10x_it.o [5]
RCC_APB2PeriphClockCmd   0x800'0737  0x1c  Code  Gb  stm32f10x_rcc.o [4]
RCC_Configure            0x800'016f  0x36  Code  Gb  main.o [5]
RCC_GetClocksFreq        0x800'0649  0xee  Code  Gb  stm32f10x_rcc.o [4]
RCC_IRQHandler           0x800'0e19        Code  Wk  startup_stm32f10x_cl.o [3]
RTCAlarm_IRQHandler      0x800'0ea9        Code  Wk  startup_stm32f10x_cl.o [3]
RTC_IRQHandler           0x800'0e11        Code  Wk  startup_stm32f10x_cl.o [3]
Region$$Table$$Base      0x800'0d1c         --   Gb  - Linker created -
Region$$Table$$Limit     0x800'0d30         --   Gb  - Linker created -
Reset_Handler            0x800'0dc5        Code  Wk  startup_stm32f10x_cl.o [3]
SPI1_IRQHandler          0x800'0e91        Code  Wk  startup_stm32f10x_cl.o [3]
SPI2_IRQHandler          0x800'0e95        Code  Wk  startup_stm32f10x_cl.o [3]
SPI3_IRQHandler          0x800'0eb5        Code  Wk  startup_stm32f10x_cl.o [3]
SVC_Handler              0x800'0dbb   0x2  Code  Gb  stm32f10x_it.o [5]
SetSysClock              0x800'0bf7   0x8  Code  Lc  system_stm32f10x.o [2]
SetSysClockTo72          0x800'0bff  0xd2  Code  Lc  system_stm32f10x.o [2]
SysTick_Handler          0x800'0dc1   0x2  Code  Gb  stm32f10x_it.o [5]
SystemInit               0x800'0ba5  0x52  Code  Gb  system_stm32f10x.o [2]
TAMPER_IRQHandler        0x800'0e0d        Code  Wk  startup_stm32f10x_cl.o [3]
TIM1_BRK_IRQHandler      0x800'0e65        Code  Wk  startup_stm32f10x_cl.o [3]
TIM1_CC_IRQHandler       0x800'0e71        Code  Wk  startup_stm32f10x_cl.o [3]
TIM1_TRG_COM_IRQHandler
                         0x800'0e6d        Code  Wk  startup_stm32f10x_cl.o [3]
TIM1_UP_IRQHandler       0x800'0e69        Code  Wk  startup_stm32f10x_cl.o [3]
TIM2_IRQHandler          0x800'0e75        Code  Wk  startup_stm32f10x_cl.o [3]
TIM3_IRQHandler          0x800'0e79        Code  Wk  startup_stm32f10x_cl.o [3]
TIM4_IRQHandler          0x800'0e7d        Code  Wk  startup_stm32f10x_cl.o [3]
TIM5_IRQHandler          0x800'0eb1        Code  Wk  startup_stm32f10x_cl.o [3]
TIM6_IRQHandler          0x800'0ec1        Code  Wk  startup_stm32f10x_cl.o [3]
TIM7_IRQHandler          0x800'0ec5        Code  Wk  startup_stm32f10x_cl.o [3]
UART4_IRQHandler         0x800'0eb9        Code  Wk  startup_stm32f10x_cl.o [3]
UART5_IRQHandler         0x800'0ebd        Code  Wk  startup_stm32f10x_cl.o [3]
USART1_IRQHandler        0x800'0361  0x50  Code  Gb  main.o [5]
USART1_Init              0x800'02a1  0x48  Code  Gb  main.o [5]
USART2_IRQHandler        0x800'0e9d        Code  Wk  startup_stm32f10x_cl.o [3]
USART3_IRQHandler        0x800'0ea1        Code  Wk  startup_stm32f10x_cl.o [3]
USART_ClearITPendingBit
                         0x800'0ae9  0x16  Code  Gb  stm32f10x_usart.o [4]
USART_Cmd                0x800'0a19  0x1c  Code  Gb  stm32f10x_usart.o [4]
USART_GetITStatus        0x800'0a8f  0x5a  Code  Gb  stm32f10x_usart.o [4]
USART_ITConfig           0x800'0a35  0x4a  Code  Gb  stm32f10x_usart.o [4]
USART_Init               0x800'0959  0xba  Code  Gb  stm32f10x_usart.o [4]
USART_ReceiveData        0x800'0a87   0x8  Code  Gb  stm32f10x_usart.o [4]
USART_SendData           0x800'0a7f   0x8  Code  Gb  stm32f10x_usart.o [4]
UsageFault_Handler       0x800'0db9   0x2  Code  Gb  stm32f10x_it.o [5]
WWDG_IRQHandler          0x800'0e05        Code  Wk  startup_stm32f10x_cl.o [3]
__NVIC_EnableIRQ         0x800'0151  0x1e  Code  Lc  main.o [5]
__cmain                  0x800'0d31        Code  Gb  cmain.o [7]
__exit                   0x800'0d65  0x14  Code  Gb  exit.o [8]
__iar_copy_init3         0x800'0aff  0x2a  Code  Gb  copy_init3.o [7]
__iar_data_init3         0x800'0cf5  0x28  Code  Gb  data_init.o [7]
__iar_program_start      0x800'0d79        Code  Gb  cstartup_M.o [7]
__low_level_init         0x800'0d4f   0x4  Code  Gb  low_level_init.o [6]
__vector_table           0x800'0000        Data  Gb  startup_stm32f10x_cl.o [3]
_call_main               0x800'0d3d        Code  Gb  cmain.o [7]
_exit                    0x800'0d59        Code  Gb  cexit.o [7]
advan_back              0x2000'0018   0x1  Data  Gb  main.o [5]
exit                     0x800'0d53   0x4  Code  Gb  exit.o [6]
flag                    0x2000'0014   0x4  Data  Gb  main.o [5]
go_advan                 0x800'046b  0xe6  Code  Gb  main.o [5]
main                     0x800'05bf  0x60  Code  Gb  main.o [5]
onLed                    0x800'0551  0x6e  Code  Gb  main.o [5]
sendDataUART1            0x800'0455  0x16  Code  Gb  main.o [5]


[1] = D:\team2_week7\Debug\Obj\CoreSupport_9349358829246811252.dir
[2] = D:\team2_week7\Debug\Obj\DeviceSupport_18371333392292866295.dir
[3] = D:\team2_week7\Debug\Obj\Startup_6080468835341133425.dir
[4] = D:\team2_week7\Debug\Obj\src_4812332579905087935.dir
[5] = D:\team2_week7\Debug\Obj\user_8514941877209965082.dir
[6] = dl7M_tln.a
[7] = rt7M_tl.a
[8] = shb_l.a

  3'772 bytes of readonly  code memory
     60 bytes of readonly  data memory
  4'121 bytes of readwrite data memory

Errors: none
Warnings: none
